<item>
  <id>12345</id>
  <name>Frank</name>
</item>
