<html><head><title>303 - See Other</title></head>
<body>
<p>The results of this request can be seen <a href='/empty/9901?format=human'>here</a>.</p>
</body>
</html>