<html><head><title>REST Example Application</title></head>
<body>
<ul>
<li><a href='empty/'>empty/</a></li>
<li><a href='full/'>full/</a></li>
<li><a href='x/9874/data'>x/9874/data</a></li>
</ul>
</body>
</html>