<item>
  <id>7704</id>
  <name>Margaret</name>
</item>
