<item>
  <id>123</id>
  <name>Frank</name>
</item>
