<html><head><title>REST Example Application: Available Items</title></head>
<body>
<ul>
<li><a href='7704'>7704</a> (<a href='7704?format=human'>edit</a>, <a href='7704?radar.method=DELETE'>delete</a>)</li>
</ul>
<form method="POST">
<input type="hidden" name="format" value="human"/>
<input type="SUBMIT" value="Create new item using POST"/>
</form>
</body>
</html>